> Task :gradle-plugin:settings-plugin:checkKotlinGradlePluginConfigurationErrors SKIPPED
> Task :gradle-plugin:shared:checkKotlinGradlePluginConfigurationErrors SKIPPED
> Task :gradle-plugin:shared:compileKotlin UP-TO-DATE
> Task :gradle-plugin:shared:compileJava NO-SOURCE
> Task :gradle-plugin:shared:processResources NO-SOURCE
> Task :gradle-plugin:shared:classes UP-TO-DATE
> Task :gradle-plugin:shared:jar UP-TO-DATE
> Task :gradle-plugin:settings-plugin:compileKotlin UP-TO-DATE
> Task :gradle-plugin:settings-plugin:compileJava NO-SOURCE
> Task :gradle-plugin:settings-plugin:pluginDescriptors UP-TO-DATE
> Task :gradle-plugin:settings-plugin:processResources UP-TO-DATE
> Task :gradle-plugin:settings-plugin:classes UP-TO-DATE
> Task :gradle-plugin:settings-plugin:jar UP-TO-DATE
> Task :gradle-plugin:react-native-gradle-plugin:checkKotlinGradlePluginConfigurationErrors SKIPPED
> Task :gradle-plugin:react-native-gradle-plugin:compileKotlin UP-TO-DATE
> Task :gradle-plugin:react-native-gradle-plugin:compileJava NO-SOURCE
> Task :gradle-plugin:react-native-gradle-plugin:pluginDescriptors UP-TO-DATE
> Task :gradle-plugin:react-native-gradle-plugin:processResources UP-TO-DATE
> Task :gradle-plugin:react-native-gradle-plugin:classes UP-TO-DATE
> Task :gradle-plugin:react-native-gradle-plugin:jar UP-TO-DATE
> Task :app:generateAutolinkingNewArchitectureFiles UP-TO-DATE
> Task :app:generateAutolinkingPackageList UP-TO-DATE
> Task :app:generateCodegenSchemaFromJavaScript SKIPPED
> Task :app:generateCodegenArtifactsFromSchema SKIPPED
> Task :app:generateReactNativeEntryPoint UP-TO-DATE
> Task :react-native-geolocation-service:preBuild UP-TO-DATE
> Task :react-native-gesture-handler:generateCodegenSchemaFromJavaScript UP-TO-DATE
> Task :react-native-gesture-handler:generateCodegenArtifactsFromSchema UP-TO-DATE
> Task :react-native-gesture-handler:preBuild UP-TO-DATE
> Task :react-native-maps:generateCodegenSchemaFromJavaScript SKIPPED
> Task :react-native-maps:generateCodegenArtifactsFromSchema SKIPPED
> Task :react-native-maps:preBuild UP-TO-DATE
> Task :react-native-reanimated:assertMinimalReactNativeVersionTask
> Task :react-native-reanimated:assertNewArchitectureEnabledTask SKIPPED
> Task :react-native-reanimated:assertWorkletsVersionTask
> Task :react-native-reanimated:generateCodegenSchemaFromJavaScript UP-TO-DATE
> Task :react-native-reanimated:generateCodegenArtifactsFromSchema UP-TO-DATE
> Task :react-native-reanimated:prepareReanimatedHeadersForPrefabs UP-TO-DATE
> Task :react-native-reanimated:preBuild
> Task :react-native-safe-area-context:generateCodegenSchemaFromJavaScript UP-TO-DATE
> Task :react-native-safe-area-context:generateCodegenArtifactsFromSchema UP-TO-DATE
> Task :react-native-safe-area-context:preBuild UP-TO-DATE
> Task :react-native-vector-icons:generateCodegenSchemaFromJavaScript UP-TO-DATE
> Task :react-native-vector-icons:generateCodegenArtifactsFromSchema UP-TO-DATE
> Task :react-native-vector-icons:preBuild UP-TO-DATE
> Task :react-native-worklets:assertMinimalReactNativeVersionTask
> Task :react-native-worklets:assertNewArchitectureEnabledTask SKIPPED
> Task :react-native-worklets:generateCodegenSchemaFromJavaScript UP-TO-DATE
> Task :react-native-worklets:generateCodegenArtifactsFromSchema UP-TO-DATE
> Task :react-native-worklets:prepareWorkletsHeadersForPrefabs UP-TO-DATE
> Task :react-native-worklets:preBuild
> Task :react-native-worklets-core:generateCodegenSchemaFromJavaScript UP-TO-DATE
> Task :react-native-worklets-core:generateCodegenArtifactsFromSchema UP-TO-DATE
> Task :react-native-worklets-core:prepareHeaders UP-TO-DATE
> Task :react-native-worklets-core:preBuild UP-TO-DATE
> Task :app:preBuild
> Task :app:preDebugBuild
> Task :app:mergeDebugNativeDebugMetadata NO-SOURCE
> Task :app:checkKotlinGradlePluginConfigurationErrors SKIPPED
> Task :app:generateDebugBuildConfig UP-TO-DATE
> Task :react-native-geolocation-service:preDebugBuild UP-TO-DATE
> Task :react-native-geolocation-service:writeDebugAarMetadata UP-TO-DATE
> Task :react-native-gesture-handler:preDebugBuild UP-TO-DATE
> Task :react-native-gesture-handler:writeDebugAarMetadata UP-TO-DATE
> Task :react-native-maps:preDebugBuild UP-TO-DATE
> Task :react-native-maps:writeDebugAarMetadata UP-TO-DATE
> Task :react-native-reanimated:preDebugBuild
> Task :react-native-reanimated:writeDebugAarMetadata UP-TO-DATE
> Task :react-native-safe-area-context:preDebugBuild UP-TO-DATE
> Task :react-native-safe-area-context:writeDebugAarMetadata UP-TO-DATE
> Task :react-native-vector-icons:preDebugBuild UP-TO-DATE
> Task :react-native-vector-icons:writeDebugAarMetadata UP-TO-DATE
> Task :react-native-worklets:preDebugBuild
> Task :react-native-worklets:writeDebugAarMetadata UP-TO-DATE
> Task :react-native-worklets-core:preDebugBuild UP-TO-DATE
> Task :react-native-worklets-core:writeDebugAarMetadata UP-TO-DATE
> Task :app:checkDebugAarMetadata UP-TO-DATE
> Task :app:generateDebugResValues UP-TO-DATE
> Task :react-native-geolocation-service:generateDebugResValues UP-TO-DATE
> Task :react-native-geolocation-service:generateDebugResources UP-TO-DATE
> Task :react-native-geolocation-service:packageDebugResources UP-TO-DATE
> Task :react-native-gesture-handler:generateDebugResValues UP-TO-DATE
> Task :react-native-gesture-handler:generateDebugResources UP-TO-DATE
> Task :react-native-gesture-handler:packageDebugResources UP-TO-DATE
> Task :react-native-maps:generateDebugResValues UP-TO-DATE
> Task :react-native-maps:generateDebugResources UP-TO-DATE
> Task :react-native-maps:packageDebugResources UP-TO-DATE
> Task :react-native-reanimated:generateDebugResValues UP-TO-DATE
> Task :react-native-reanimated:generateDebugResources UP-TO-DATE
> Task :react-native-reanimated:packageDebugResources UP-TO-DATE
> Task :react-native-safe-area-context:generateDebugResValues UP-TO-DATE
> Task :react-native-safe-area-context:generateDebugResources UP-TO-DATE
> Task :react-native-safe-area-context:packageDebugResources UP-TO-DATE
> Task :react-native-vector-icons:generateDebugResValues UP-TO-DATE
> Task :react-native-vector-icons:generateDebugResources UP-TO-DATE
> Task :react-native-vector-icons:packageDebugResources UP-TO-DATE
> Task :react-native-worklets:generateDebugResValues UP-TO-DATE
> Task :react-native-worklets:generateDebugResources UP-TO-DATE
> Task :react-native-worklets:packageDebugResources UP-TO-DATE
> Task :react-native-worklets-core:generateDebugResValues UP-TO-DATE
> Task :react-native-worklets-core:generateDebugResources UP-TO-DATE
> Task :react-native-worklets-core:packageDebugResources UP-TO-DATE
> Task :app:mapDebugSourceSetPaths UP-TO-DATE
> Task :app:generateDebugResources UP-TO-DATE
> Task :app:mergeDebugResources UP-TO-DATE
> Task :app:packageDebugResources UP-TO-DATE
> Task :app:parseDebugLocalResources UP-TO-DATE
> Task :app:createDebugCompatibleScreenManifests UP-TO-DATE
> Task :app:extractDeepLinksDebug UP-TO-DATE
> Task :react-native-geolocation-service:extractDeepLinksDebug UP-TO-DATE
> Task :react-native-geolocation-service:processDebugManifest UP-TO-DATE
> Task :react-native-gesture-handler:extractDeepLinksDebug UP-TO-DATE
> Task :react-native-gesture-handler:processDebugManifest UP-TO-DATE
> Task :react-native-maps:extractDeepLinksDebug UP-TO-DATE
> Task :react-native-maps:processDebugManifest UP-TO-DATE
> Task :react-native-reanimated:extractDeepLinksDebug UP-TO-DATE
> Task :react-native-reanimated:processDebugManifest UP-TO-DATE
> Task :react-native-safe-area-context:extractDeepLinksDebug UP-TO-DATE
> Task :react-native-safe-area-context:processDebugManifest UP-TO-DATE
> Task :react-native-vector-icons:extractDeepLinksDebug UP-TO-DATE
> Task :react-native-vector-icons:processDebugManifest UP-TO-DATE
> Task :react-native-worklets:extractDeepLinksDebug UP-TO-DATE
> Task :react-native-worklets:processDebugManifest UP-TO-DATE
> Task :react-native-worklets-core:extractDeepLinksDebug UP-TO-DATE
> Task :react-native-worklets-core:processDebugManifest UP-TO-DATE
> Task :app:processDebugMainManifest UP-TO-DATE
> Task :app:processDebugManifest UP-TO-DATE
> Task :app:processDebugManifestForPackage UP-TO-DATE
> Task :react-native-geolocation-service:compileDebugLibraryResources UP-TO-DATE
> Task :react-native-geolocation-service:parseDebugLocalResources UP-TO-DATE
> Task :react-native-geolocation-service:generateDebugRFile UP-TO-DATE
> Task :react-native-gesture-handler:compileDebugLibraryResources UP-TO-DATE
> Task :react-native-gesture-handler:parseDebugLocalResources UP-TO-DATE
> Task :react-native-gesture-handler:generateDebugRFile UP-TO-DATE
> Task :react-native-maps:compileDebugLibraryResources UP-TO-DATE
> Task :react-native-maps:parseDebugLocalResources UP-TO-DATE
> Task :react-native-maps:generateDebugRFile UP-TO-DATE
> Task :react-native-reanimated:compileDebugLibraryResources UP-TO-DATE
> Task :react-native-reanimated:parseDebugLocalResources UP-TO-DATE
> Task :react-native-reanimated:generateDebugRFile UP-TO-DATE
> Task :react-native-safe-area-context:compileDebugLibraryResources UP-TO-DATE
> Task :react-native-safe-area-context:parseDebugLocalResources UP-TO-DATE
> Task :react-native-safe-area-context:generateDebugRFile UP-TO-DATE
> Task :react-native-vector-icons:compileDebugLibraryResources UP-TO-DATE
> Task :react-native-vector-icons:parseDebugLocalResources UP-TO-DATE
> Task :react-native-vector-icons:generateDebugRFile UP-TO-DATE
> Task :react-native-worklets:compileDebugLibraryResources UP-TO-DATE
> Task :react-native-worklets:parseDebugLocalResources UP-TO-DATE
> Task :react-native-worklets:generateDebugRFile UP-TO-DATE
> Task :react-native-worklets-core:compileDebugLibraryResources UP-TO-DATE
> Task :react-native-worklets-core:parseDebugLocalResources UP-TO-DATE
> Task :react-native-worklets-core:generateDebugRFile UP-TO-DATE
> Task :app:processDebugResources UP-TO-DATE
> Task :react-native-geolocation-service:generateDebugBuildConfig UP-TO-DATE
> Task :react-native-geolocation-service:javaPreCompileDebug UP-TO-DATE
> Task :react-native-geolocation-service:compileDebugJavaWithJavac UP-TO-DATE
> Task :react-native-geolocation-service:bundleLibCompileToJarDebug UP-TO-DATE
> Task :react-native-gesture-handler:checkKotlinGradlePluginConfigurationErrors SKIPPED
> Task :react-native-gesture-handler:generateDebugBuildConfig UP-TO-DATE
> Task :react-native-reanimated:generateDebugBuildConfig UP-TO-DATE
> Task :react-native-reanimated:javaPreCompileDebug UP-TO-DATE
> Task :react-native-worklets:generateDebugBuildConfig UP-TO-DATE
> Task :react-native-worklets:javaPreCompileDebug UP-TO-DATE
> Task :react-native-worklets:compileDebugJavaWithJavac UP-TO-DATE
> Task :react-native-worklets:bundleLibCompileToJarDebug UP-TO-DATE
> Task :react-native-reanimated:compileDebugJavaWithJavac UP-TO-DATE
> Task :react-native-reanimated:bundleLibCompileToJarDebug UP-TO-DATE
> Task :react-native-gesture-handler:compileDebugKotlin UP-TO-DATE
> Task :react-native-gesture-handler:javaPreCompileDebug UP-TO-DATE
> Task :react-native-gesture-handler:compileDebugJavaWithJavac UP-TO-DATE
> Task :react-native-gesture-handler:bundleLibCompileToJarDebug UP-TO-DATE
> Task :react-native-maps:checkKotlinGradlePluginConfigurationErrors SKIPPED
> Task :react-native-maps:generateDebugBuildConfig UP-TO-DATE
> Task :react-native-maps:compileDebugKotlin NO-SOURCE
> Task :react-native-maps:javaPreCompileDebug UP-TO-DATE
> Task :react-native-maps:compileDebugJavaWithJavac UP-TO-DATE
> Task :react-native-maps:bundleLibCompileToJarDebug UP-TO-DATE
> Task :react-native-safe-area-context:checkKotlinGradlePluginConfigurationErrors SKIPPED
> Task :react-native-safe-area-context:generateDebugBuildConfig UP-TO-DATE
> Task :react-native-safe-area-context:compileDebugKotlin UP-TO-DATE
> Task :react-native-safe-area-context:javaPreCompileDebug UP-TO-DATE
> Task :react-native-safe-area-context:compileDebugJavaWithJavac UP-TO-DATE
> Task :react-native-safe-area-context:bundleLibCompileToJarDebug UP-TO-DATE
> Task :react-native-vector-icons:generateDebugBuildConfig UP-TO-DATE
> Task :react-native-vector-icons:javaPreCompileDebug UP-TO-DATE
> Task :react-native-vector-icons:compileDebugJavaWithJavac UP-TO-DATE
> Task :react-native-vector-icons:bundleLibCompileToJarDebug UP-TO-DATE
> Task :react-native-worklets-core:generateDebugBuildConfig UP-TO-DATE
> Task :react-native-worklets-core:javaPreCompileDebug UP-TO-DATE
> Task :react-native-worklets-core:compileDebugJavaWithJavac UP-TO-DATE
> Task :react-native-worklets-core:bundleLibCompileToJarDebug UP-TO-DATE
> Task :app:compileDebugKotlin UP-TO-DATE
> Task :app:javaPreCompileDebug UP-TO-DATE
> Task :app:compileDebugJavaWithJavac UP-TO-DATE
> Task :app:mergeDebugShaders UP-TO-DATE
> Task :app:compileDebugShaders NO-SOURCE
> Task :app:copyReactNativeVectorIconFonts UP-TO-DATE
> Task :app:generateDebugAssets UP-TO-DATE
> Task :react-native-geolocation-service:mergeDebugShaders UP-TO-DATE
> Task :react-native-geolocation-service:compileDebugShaders NO-SOURCE
> Task :react-native-geolocation-service:generateDebugAssets UP-TO-DATE
> Task :react-native-geolocation-service:mergeDebugAssets UP-TO-DATE
> Task :react-native-gesture-handler:mergeDebugShaders UP-TO-DATE
> Task :react-native-gesture-handler:compileDebugShaders NO-SOURCE
> Task :react-native-gesture-handler:generateDebugAssets UP-TO-DATE
> Task :react-native-gesture-handler:mergeDebugAssets UP-TO-DATE
> Task :react-native-maps:mergeDebugShaders UP-TO-DATE
> Task :react-native-maps:compileDebugShaders NO-SOURCE
> Task :react-native-maps:generateDebugAssets UP-TO-DATE
> Task :react-native-maps:mergeDebugAssets UP-TO-DATE
> Task :react-native-reanimated:mergeDebugShaders UP-TO-DATE
> Task :react-native-reanimated:compileDebugShaders NO-SOURCE
> Task :react-native-reanimated:generateDebugAssets UP-TO-DATE
> Task :react-native-reanimated:mergeDebugAssets UP-TO-DATE
> Task :react-native-safe-area-context:mergeDebugShaders UP-TO-DATE
> Task :react-native-safe-area-context:compileDebugShaders NO-SOURCE
> Task :react-native-safe-area-context:generateDebugAssets UP-TO-DATE
> Task :react-native-safe-area-context:mergeDebugAssets UP-TO-DATE
> Task :react-native-vector-icons:mergeDebugShaders UP-TO-DATE
> Task :react-native-vector-icons:compileDebugShaders NO-SOURCE
> Task :react-native-vector-icons:generateDebugAssets UP-TO-DATE
> Task :react-native-vector-icons:mergeDebugAssets UP-TO-DATE
> Task :react-native-worklets:mergeDebugShaders UP-TO-DATE
> Task :react-native-worklets:compileDebugShaders NO-SOURCE
> Task :react-native-worklets:generateDebugAssets UP-TO-DATE
> Task :react-native-worklets:mergeDebugAssets UP-TO-DATE
> Task :react-native-worklets-core:mergeDebugShaders UP-TO-DATE
> Task :react-native-worklets-core:compileDebugShaders NO-SOURCE
> Task :react-native-worklets-core:generateDebugAssets UP-TO-DATE
> Task :react-native-worklets-core:mergeDebugAssets UP-TO-DATE
> Task :app:mergeDebugAssets UP-TO-DATE
> Task :app:compressDebugAssets UP-TO-DATE
> Task :react-native-gesture-handler:bundleLibRuntimeToJarDebug UP-TO-DATE
> Task :react-native-maps:bundleLibRuntimeToJarDebug UP-TO-DATE
> Task :react-native-safe-area-context:bundleLibRuntimeToJarDebug UP-TO-DATE
> Task :react-native-geolocation-service:bundleLibRuntimeToJarDebug UP-TO-DATE
> Task :react-native-reanimated:bundleLibRuntimeToJarDebug UP-TO-DATE
> Task :react-native-vector-icons:bundleLibRuntimeToJarDebug UP-TO-DATE
> Task :react-native-worklets:bundleLibRuntimeToJarDebug UP-TO-DATE
> Task :react-native-worklets-core:bundleLibRuntimeToJarDebug UP-TO-DATE
> Task :app:desugarDebugFileDependencies UP-TO-DATE
> Task :app:dexBuilderDebug UP-TO-DATE
> Task :app:mergeDebugGlobalSynthetics UP-TO-DATE
> Task :app:processDebugJavaRes UP-TO-DATE
> Task :react-native-geolocation-service:processDebugJavaRes NO-SOURCE
> Task :react-native-gesture-handler:processDebugJavaRes UP-TO-DATE
> Task :react-native-maps:processDebugJavaRes NO-SOURCE
> Task :react-native-reanimated:processDebugJavaRes NO-SOURCE
> Task :react-native-safe-area-context:processDebugJavaRes UP-TO-DATE
> Task :react-native-vector-icons:processDebugJavaRes NO-SOURCE
> Task :react-native-worklets:processDebugJavaRes NO-SOURCE
> Task :react-native-worklets-core:processDebugJavaRes NO-SOURCE
> Task :app:mergeDebugJavaResource UP-TO-DATE
> Task :app:checkDebugDuplicateClasses UP-TO-DATE
> Task :app:mergeExtDexDebug UP-TO-DATE
> Task :react-native-gesture-handler:bundleLibRuntimeToDirDebug UP-TO-DATE
> Task :react-native-maps:bundleLibRuntimeToDirDebug UP-TO-DATE
> Task :react-native-safe-area-context:bundleLibRuntimeToDirDebug UP-TO-DATE
> Task :react-native-geolocation-service:bundleLibRuntimeToDirDebug UP-TO-DATE
> Task :react-native-reanimated:bundleLibRuntimeToDirDebug UP-TO-DATE
> Task :react-native-vector-icons:bundleLibRuntimeToDirDebug UP-TO-DATE
> Task :react-native-worklets:bundleLibRuntimeToDirDebug UP-TO-DATE
> Task :react-native-worklets-core:bundleLibRuntimeToDirDebug UP-TO-DATE
> Task :app:mergeProjectDexDebug UP-TO-DATE
> Task :react-native-worklets:configureCMakeDebug[arm64-v8a]
> Task :app:mergeLibDexDebug UP-TO-DATE
> Task :react-native-worklets:buildCMakeDebug[arm64-v8a][worklets]
> Task :react-native-worklets:configureCMakeDebug[armeabi-v7a]
> Task :react-native-worklets:buildCMakeDebug[armeabi-v7a][worklets]
> Task :react-native-worklets:configureCMakeDebug[x86]
> Task :react-native-worklets:buildCMakeDebug[x86][worklets]
> Task :react-native-worklets:configureCMakeDebug[x86_64]
> Task :react-native-worklets:buildCMakeDebug[x86_64][worklets]
> Task :react-native-worklets:externalNativeBuildDebug
> Task :react-native-worklets:generateJsonModelDebug
> Task :react-native-worklets:prefabDebugConfigurePackage
> Task :react-native-reanimated:configureCMakeDebug[arm64-v8a]
> Task :react-native-reanimated:configureCMakeDebug[armeabi-v7a]
> Task :react-native-reanimated:configureCMakeDebug[x86]
> Task :react-native-reanimated:configureCMakeDebug[x86_64]
> Task :react-native-reanimated:generateJsonModelDebug
> Task :react-native-reanimated:prefabDebugConfigurePackage UP-TO-DATE
> Task :react-native-worklets-core:configureCMakeDebug[arm64-v8a]
> Task :react-native-worklets-core:buildCMakeDebug[arm64-v8a]
> Task :react-native-worklets-core:configureCMakeDebug[armeabi-v7a]
> Task :react-native-worklets-core:buildCMakeDebug[armeabi-v7a]
> Task :react-native-worklets-core:configureCMakeDebug[x86]
> Task :react-native-worklets-core:buildCMakeDebug[x86]
> Task :react-native-worklets-core:configureCMakeDebug[x86_64]
> Task :react-native-worklets-core:buildCMakeDebug[x86_64]
> Task :react-native-worklets-core:externalNativeBuildDebug
> Task :react-native-worklets-core:generateJsonModelDebug
> Task :react-native-worklets-core:prefabDebugConfigurePackage

> Task :app:configureCMakeDebug[arm64-v8a]
C/C++: CMake Warning in C:/Users/Lakith_Bhanuka/Desktop/Assignment/RestaurantApp/node_modules/react-native-gesture-handler/android/build/generated/source/codegen/jni/CMakeLists.txt:
C/C++:   The object file directory
C/C++:     C:/Users/Lakith_Bhanuka/Desktop/Assignment/RestaurantApp/android/app/.cxx/Debug/471v5w40/arm64-v8a/rngesturehandler_codegen_autolinked_build/CMakeFiles/react_codegen_rngesturehandler_codegen.dir/./
C/C++:   has 197 characters.  The maximum full path to an object file is 250
C/C++:   characters (see CMAKE_OBJECT_PATH_MAX).  Object file
C/C++:     react/renderer/components/rngesturehandler_codegen/ComponentDescriptors.cpp.o
C/C++:   cannot be safely placed under this directory.  The build may not work
C/C++:   correctly.

> Task :react-native-worklets:prefabDebugPackage UP-TO-DATE
> Task :react-native-reanimated:buildCMakeDebug[arm64-v8a][reanimated]
> Task :react-native-reanimated:buildCMakeDebug[armeabi-v7a][reanimated]
> Task :react-native-reanimated:buildCMakeDebug[x86][reanimated]
> Task :react-native-reanimated:buildCMakeDebug[x86_64][reanimated]
> Task :react-native-worklets:mergeDebugJniLibFolders UP-TO-DATE
> Task :react-native-worklets:mergeDebugNativeLibs UP-TO-DATE
> Task :react-native-worklets:copyDebugJniLibsProjectOnly UP-TO-DATE
> Task :react-native-reanimated:externalNativeBuildDebug
> Task :react-native-reanimated:prefabDebugPackage UP-TO-DATE
> Task :react-native-worklets-core:prefabDebugPackage UP-TO-DATE
> Task :app:buildCMakeDebug[arm64-v8a]

> Task :app:configureCMakeDebug[armeabi-v7a]
C/C++: CMake Warning in C:/Users/Lakith_Bhanuka/Desktop/Assignment/RestaurantApp/node_modules/react-native-gesture-handler/android/build/generated/source/codegen/jni/CMakeLists.txt:
C/C++:   The object file directory
C/C++:     C:/Users/Lakith_Bhanuka/Desktop/Assignment/RestaurantApp/android/app/.cxx/Debug/471v5w40/armeabi-v7a/rngesturehandler_codegen_autolinked_build/CMakeFiles/react_codegen_rngesturehandler_codegen.dir/./
C/C++:   has 199 characters.  The maximum full path to an object file is 250
C/C++:   characters (see CMAKE_OBJECT_PATH_MAX).  Object file
C/C++:     react/renderer/components/rngesturehandler_codegen/EventEmitters.cpp.o
C/C++:   cannot be safely placed under this directory.  The build may not work
C/C++:   correctly.

> Task :app:buildCMakeDebug[armeabi-v7a]
> Task :app:configureCMakeDebug[x86]
> Task :app:buildCMakeDebug[x86]

> Task :app:configureCMakeDebug[x86_64]
C/C++: CMake Warning in C:/Users/Lakith_Bhanuka/Desktop/Assignment/RestaurantApp/node_modules/react-native-gesture-handler/android/build/generated/source/codegen/jni/CMakeLists.txt:
C/C++:   The object file directory
C/C++:     C:/Users/Lakith_Bhanuka/Desktop/Assignment/RestaurantApp/android/app/.cxx/Debug/471v5w40/x86_64/rngesturehandler_codegen_autolinked_build/CMakeFiles/react_codegen_rngesturehandler_codegen.dir/./
C/C++:   has 194 characters.  The maximum full path to an object file is 250
C/C++:   characters (see CMAKE_OBJECT_PATH_MAX).  Object file
C/C++:     react/renderer/components/rngesturehandler_codegen/ComponentDescriptors.cpp.o
C/C++:   cannot be safely placed under this directory.  The build may not work
C/C++:   correctly.

> Task :app:buildCMakeDebug[x86_64]
> Task :app:mergeDebugJniLibFolders UP-TO-DATE
> Task :react-native-geolocation-service:mergeDebugJniLibFolders UP-TO-DATE
> Task :react-native-geolocation-service:mergeDebugNativeLibs NO-SOURCE
> Task :react-native-geolocation-service:copyDebugJniLibsProjectOnly UP-TO-DATE
> Task :react-native-gesture-handler:configureCMakeDebug[arm64-v8a]
> Task :react-native-gesture-handler:buildCMakeDebug[arm64-v8a]
> Task :react-native-gesture-handler:configureCMakeDebug[armeabi-v7a]
> Task :react-native-gesture-handler:buildCMakeDebug[armeabi-v7a]
> Task :react-native-gesture-handler:configureCMakeDebug[x86]
> Task :react-native-gesture-handler:buildCMakeDebug[x86]
> Task :react-native-gesture-handler:configureCMakeDebug[x86_64]
> Task :react-native-gesture-handler:buildCMakeDebug[x86_64]
> Task :react-native-gesture-handler:mergeDebugJniLibFolders UP-TO-DATE
> Task :react-native-gesture-handler:mergeDebugNativeLibs UP-TO-DATE
> Task :react-native-gesture-handler:copyDebugJniLibsProjectOnly UP-TO-DATE
> Task :react-native-maps:mergeDebugJniLibFolders UP-TO-DATE
> Task :react-native-maps:mergeDebugNativeLibs NO-SOURCE
> Task :react-native-maps:copyDebugJniLibsProjectOnly UP-TO-DATE
> Task :react-native-reanimated:mergeDebugJniLibFolders UP-TO-DATE
> Task :react-native-reanimated:mergeDebugNativeLibs UP-TO-DATE
> Task :react-native-reanimated:copyDebugJniLibsProjectOnly UP-TO-DATE
> Task :react-native-safe-area-context:mergeDebugJniLibFolders UP-TO-DATE
> Task :react-native-safe-area-context:mergeDebugNativeLibs NO-SOURCE
> Task :react-native-safe-area-context:copyDebugJniLibsProjectOnly UP-TO-DATE
> Task :react-native-vector-icons:mergeDebugJniLibFolders UP-TO-DATE
> Task :react-native-vector-icons:mergeDebugNativeLibs NO-SOURCE
> Task :react-native-vector-icons:copyDebugJniLibsProjectOnly UP-TO-DATE
> Task :react-native-worklets-core:mergeDebugJniLibFolders UP-TO-DATE
> Task :react-native-worklets-core:mergeDebugNativeLibs UP-TO-DATE
> Task :react-native-worklets-core:copyDebugJniLibsProjectOnly UP-TO-DATE
> Task :app:mergeDebugNativeLibs UP-TO-DATE
> Task :app:stripDebugDebugSymbols UP-TO-DATE
> Task :app:validateSigningDebug UP-TO-DATE
> Task :app:writeDebugAppMetadata UP-TO-DATE
> Task :app:writeDebugSigningConfigVersions UP-TO-DATE
> Task :app:packageDebug UP-TO-DATE
> Task :app:createDebugApkListingFileRedirect UP-TO-DATE
> Task :app:assembleDebug UP-TO-DATE
> Task :react-native-geolocation-service:stripDebugDebugSymbols NO-SOURCE
> Task :react-native-geolocation-service:copyDebugJniLibsProjectAndLocalJars UP-TO-DATE
> Task :react-native-geolocation-service:extractDebugAnnotations UP-TO-DATE
> Task :react-native-geolocation-service:extractDeepLinksForAarDebug UP-TO-DATE
> Task :react-native-geolocation-service:mergeDebugGeneratedProguardFiles UP-TO-DATE
> Task :react-native-geolocation-service:mergeDebugConsumerProguardFiles UP-TO-DATE
> Task :react-native-geolocation-service:prepareDebugArtProfile UP-TO-DATE
> Task :react-native-geolocation-service:prepareLintJarForPublish UP-TO-DATE
> Task :react-native-geolocation-service:mergeDebugJavaResource UP-TO-DATE
> Task :react-native-geolocation-service:syncDebugLibJars UP-TO-DATE
> Task :react-native-geolocation-service:bundleDebugAar UP-TO-DATE
> Task :react-native-geolocation-service:assembleDebug UP-TO-DATE
> Task :react-native-gesture-handler:stripDebugDebugSymbols UP-TO-DATE
> Task :react-native-gesture-handler:copyDebugJniLibsProjectAndLocalJars UP-TO-DATE
> Task :react-native-gesture-handler:extractDebugAnnotations UP-TO-DATE
> Task :react-native-gesture-handler:extractDeepLinksForAarDebug UP-TO-DATE
> Task :react-native-gesture-handler:mergeDebugGeneratedProguardFiles UP-TO-DATE
> Task :react-native-gesture-handler:mergeDebugConsumerProguardFiles UP-TO-DATE
> Task :react-native-gesture-handler:prepareDebugArtProfile UP-TO-DATE
> Task :react-native-gesture-handler:prepareLintJarForPublish UP-TO-DATE
> Task :react-native-gesture-handler:mergeDebugJavaResource UP-TO-DATE
> Task :react-native-gesture-handler:syncDebugLibJars UP-TO-DATE
> Task :react-native-gesture-handler:bundleDebugAar UP-TO-DATE
> Task :react-native-gesture-handler:assembleDebug UP-TO-DATE
> Task :react-native-maps:stripDebugDebugSymbols NO-SOURCE
> Task :react-native-maps:copyDebugJniLibsProjectAndLocalJars UP-TO-DATE
> Task :react-native-maps:extractDebugAnnotations UP-TO-DATE
> Task :react-native-maps:extractDeepLinksForAarDebug UP-TO-DATE
> Task :react-native-maps:mergeDebugGeneratedProguardFiles UP-TO-DATE
> Task :react-native-maps:mergeDebugConsumerProguardFiles UP-TO-DATE
> Task :react-native-maps:prepareDebugArtProfile UP-TO-DATE
> Task :react-native-maps:prepareLintJarForPublish UP-TO-DATE
> Task :react-native-maps:mergeDebugJavaResource UP-TO-DATE
> Task :react-native-maps:syncDebugLibJars UP-TO-DATE
> Task :react-native-maps:bundleDebugAar UP-TO-DATE
> Task :react-native-maps:assembleDebug UP-TO-DATE
> Task :react-native-reanimated:stripDebugDebugSymbols UP-TO-DATE
> Task :react-native-reanimated:copyDebugJniLibsProjectAndLocalJars UP-TO-DATE
> Task :react-native-reanimated:extractDebugAnnotations UP-TO-DATE
> Task :react-native-reanimated:extractDeepLinksForAarDebug UP-TO-DATE
> Task :react-native-reanimated:mergeDebugGeneratedProguardFiles UP-TO-DATE
> Task :react-native-reanimated:mergeDebugConsumerProguardFiles UP-TO-DATE
> Task :react-native-reanimated:prepareDebugArtProfile UP-TO-DATE
> Task :react-native-reanimated:prepareLintJarForPublish UP-TO-DATE
> Task :react-native-reanimated:mergeDebugJavaResource UP-TO-DATE
> Task :react-native-reanimated:syncDebugLibJars UP-TO-DATE
> Task :react-native-reanimated:bundleDebugAar UP-TO-DATE
> Task :react-native-reanimated:assembleDebug UP-TO-DATE
> Task :react-native-safe-area-context:stripDebugDebugSymbols NO-SOURCE
> Task :react-native-safe-area-context:copyDebugJniLibsProjectAndLocalJars UP-TO-DATE
> Task :react-native-safe-area-context:extractDebugAnnotations UP-TO-DATE
> Task :react-native-safe-area-context:extractDeepLinksForAarDebug UP-TO-DATE
> Task :react-native-safe-area-context:mergeDebugGeneratedProguardFiles UP-TO-DATE
> Task :react-native-safe-area-context:mergeDebugConsumerProguardFiles UP-TO-DATE
> Task :react-native-safe-area-context:prepareDebugArtProfile UP-TO-DATE
> Task :react-native-safe-area-context:prepareLintJarForPublish UP-TO-DATE
> Task :react-native-safe-area-context:mergeDebugJavaResource UP-TO-DATE
> Task :react-native-safe-area-context:syncDebugLibJars UP-TO-DATE
> Task :react-native-safe-area-context:bundleDebugAar UP-TO-DATE
> Task :react-native-safe-area-context:assembleDebug UP-TO-DATE
> Task :react-native-vector-icons:stripDebugDebugSymbols NO-SOURCE
> Task :react-native-vector-icons:copyDebugJniLibsProjectAndLocalJars UP-TO-DATE
> Task :react-native-vector-icons:extractDebugAnnotations UP-TO-DATE
> Task :react-native-vector-icons:extractDeepLinksForAarDebug UP-TO-DATE
> Task :react-native-vector-icons:mergeDebugGeneratedProguardFiles UP-TO-DATE
> Task :react-native-vector-icons:mergeDebugConsumerProguardFiles UP-TO-DATE
> Task :react-native-vector-icons:prepareDebugArtProfile UP-TO-DATE
> Task :react-native-vector-icons:prepareLintJarForPublish UP-TO-DATE
> Task :react-native-vector-icons:mergeDebugJavaResource UP-TO-DATE
> Task :react-native-vector-icons:syncDebugLibJars UP-TO-DATE
> Task :react-native-vector-icons:bundleDebugAar UP-TO-DATE
> Task :react-native-vector-icons:assembleDebug UP-TO-DATE
> Task :react-native-worklets:stripDebugDebugSymbols UP-TO-DATE
> Task :react-native-worklets:copyDebugJniLibsProjectAndLocalJars UP-TO-DATE
> Task :react-native-worklets:extractDebugAnnotations UP-TO-DATE
> Task :react-native-worklets:extractDeepLinksForAarDebug UP-TO-DATE
> Task :react-native-worklets:mergeDebugGeneratedProguardFiles UP-TO-DATE
> Task :react-native-worklets:mergeDebugConsumerProguardFiles UP-TO-DATE
> Task :react-native-worklets:prepareDebugArtProfile UP-TO-DATE
> Task :react-native-worklets:prepareLintJarForPublish UP-TO-DATE
> Task :react-native-worklets:mergeDebugJavaResource UP-TO-DATE
> Task :react-native-worklets:syncDebugLibJars UP-TO-DATE
> Task :react-native-worklets:bundleDebugAar UP-TO-DATE
> Task :react-native-worklets:assembleDebug UP-TO-DATE
> Task :react-native-worklets-core:stripDebugDebugSymbols UP-TO-DATE
> Task :react-native-worklets-core:copyDebugJniLibsProjectAndLocalJars UP-TO-DATE
> Task :react-native-worklets-core:extractDebugAnnotations UP-TO-DATE
> Task :react-native-worklets-core:extractDeepLinksForAarDebug UP-TO-DATE
> Task :react-native-worklets-core:mergeDebugGeneratedProguardFiles UP-TO-DATE
> Task :react-native-worklets-core:mergeDebugConsumerProguardFiles UP-TO-DATE
> Task :react-native-worklets-core:prepareDebugArtProfile UP-TO-DATE
> Task :react-native-worklets-core:prepareLintJarForPublish UP-TO-DATE
> Task :react-native-worklets-core:mergeDebugJavaResource UP-TO-DATE
> Task :react-native-worklets-core:syncDebugLibJars UP-TO-DATE
> Task :react-native-worklets-core:bundleDebugAar UP-TO-DATE
> Task :react-native-worklets-core:assembleDebug UP-TO-DATE

[Incubating] Problems report is available at: file:///C:/Users/Lakith_Bhanuka/Desktop/Assignment/RestaurantApp/android/build/reports/problems/problems-report.html

Deprecated Gradle features were used in this build, making it incompatible with Gradle 10.

You can use '--warning-mode all' to show the individual deprecation warnings and determine if they come from your own scripts or plugins.

For more on this, please refer to https://docs.gradle.org/9.0.0/userguide/command_line_interface.html#sec:command_line_warnings in the Gradle documentation.

BUILD SUCCESSFUL in 46s
362 actionable tasks: 48 executed, 314 up-to-date
Consider enabling configuration cache to speed up this build: https://docs.gradle.org/9.0.0/userguide/configuration_cache_enabling.html
